[pradeep-m-portfolio.netlify.app/index.html]
[cdnjs.cloudflare.com/ajax/libs/font-awesome/6.5.1/css/all.min.css]
[backblue.gif]
[fade.gif]
[index.html]
[pradeep-m-portfolio.netlify.app/index.css]
[res.cloudinary.com/dffu1ungl/image/upload/v1726493608/Untitled_design_10_fy1uzs.png]
[res.cloudinary.com/dffu1ungl/image/upload/v1725002873/Natural_Profile_Photo_Frame_Instagram_Post_1_uob6vm.png]
[res.cloudinary.com/dffu1ungl/image/upload/v1726416463/Deloitte_Logo_le7w8o.png]
[res.cloudinary.com/dffu1ungl/image/upload/v1726416463/Atliq_Logo_aqeljg.png]
[res.cloudinary.com/dffu1ungl/image/upload/v1726416463/Senchola_Logo_ru5fru.jpg]
[images.codebasics.io/filters_format(webp)/fit-in/450x450/uploads/learner-portfolio/projects/thumbnail/208116/65cf60b5e92ed/648ea959c6.png]
[res.cloudinary.com/dffu1ungl/image/upload/v1725383000/Microsoft-Power-BI-Logo-2013_gelnwa.png]
[res.cloudinary.com/dffu1ungl/image/upload/v1725468350/download-removebg-preview_h1cuor.png]
[res.cloudinary.com/dffu1ungl/image/upload/v1726482744/SQL_Logo_iztbna-removebg-preview_pqg3qf.png]
[res.cloudinary.com/dffu1ungl/image/upload/v1725467190/Excel_Mother_of_Business_Intelligence_basqbu.png]
[res.cloudinary.com/dffu1ungl/image/upload/v1725467189/Power_BI_Data_Analytics_for_all_Level_2.O_wkiqby.png]
[res.cloudinary.com/dffu1ungl/image/upload/v1725467188/SQL_Beginners_to_advanced_for_Data_Professionals_kusmoz.png]
[res.cloudinary.com/dffu1ungl/image/upload/v1725467189/Data_Analytics_Bootcam_3.O_h5rtih.png]
[topmate-embed.s3.ap-south-1.amazonaws.com/v1/topmate-embed.js]
[res.cloudinary.com/dffu1ungl/image/upload/v1725256003/udpg1suHjRq3SU9U4yKFZ1-removebg-preview_at2fs5.png]
[pradeep-m-portfolio.netlify.app/index.html]
[kit.fontawesome.com/20c5629a29.html]
[cdnjs.cloudflare.com/ajax/libs/font-awesome/6.5.1/css/all.min.css]
[pradeep-m-portfolio.netlify.app/index.css]
[pradeep-m-portfolio.netlify.app/index.js]
